{"ts": 1778302168.0377228, "event": "daily_digest", "path": "/Users/yuhfriendchris/Desktop/Sovereign/state/outbox/hermes/digest_2026-05-08.md"}
{"ts": 1778315687.495728, "event": "review_push", "pushed": 2, "eligible": 2}
{"ts": 1778315760.411655, "event": "ran", "task": "review_push"}
{"ts": 1778315760.4149141, "event": "ran", "task": "health_check"}
{"ts": 1778315884.1967602, "event": "review_push", "pushed": 1, "eligible": 2}
{"ts": 1778316060.7539651, "event": "ran", "task": "health_check"}
{"ts": 1778316360.983639, "event": "ran", "task": "review_push"}
{"ts": 1778316360.986429, "event": "ran", "task": "health_check"}
{"ts": 1778316661.42899, "event": "ran", "task": "health_check"}
{"ts": 1778316961.585097, "event": "ran", "task": "review_push"}
{"ts": 1778316961.587988, "event": "ran", "task": "health_check"}
{"ts": 1778317522.33712, "event": "ran", "task": "scanner_cycle"}
{"ts": 1778317582.412008, "event": "ran", "task": "review_push"}
{"ts": 1778317582.4162638, "event": "ran", "task": "health_check"}
{"ts": 1778317883.096704, "event": "ran", "task": "health_check"}
{"ts": 1778318183.5716548, "event": "ran", "task": "review_push"}
{"ts": 1778318183.575587, "event": "ran", "task": "health_check"}
{"ts": 1778318483.718501, "event": "ran", "task": "health_check"}
{"ts": 1778318784.02372, "event": "ran", "task": "review_push"}
{"ts": 1778318784.0278232, "event": "ran", "task": "health_check"}
{"ts": 1778319084.3355799, "event": "ran", "task": "health_check"}
{"ts": 1778319384.764377, "event": "ran", "task": "review_push"}
{"ts": 1778319384.767444, "event": "ran", "task": "health_check"}
{"ts": 1778319684.91344, "event": "ran", "task": "health_check"}
{"ts": 1778319985.216338, "event": "ran", "task": "review_push"}
{"ts": 1778319985.2206988, "event": "ran", "task": "health_check"}
{"ts": 1778320285.604728, "event": "ran", "task": "health_check"}
{"ts": 1778320585.9850109, "event": "ran", "task": "review_push"}
{"ts": 1778320585.9877682, "event": "ran", "task": "health_check"}
{"ts": 1778320886.225028, "event": "ran", "task": "health_check"}
{"ts": 1778321186.474663, "event": "ran", "task": "review_push"}
{"ts": 1778321186.47911, "event": "ran", "task": "health_check"}
{"ts": 1778321486.788533, "event": "ran", "task": "health_check"}
{"ts": 1778321787.048467, "event": "ran", "task": "review_push"}
{"ts": 1778321787.0554109, "event": "ran", "task": "health_check"}
{"ts": 1778322087.3310971, "event": "ran", "task": "health_check"}
{"ts": 1778322387.702979, "event": "ran", "task": "review_push"}
{"ts": 1778322387.7079139, "event": "ran", "task": "health_check"}
{"ts": 1778322688.07566, "event": "ran", "task": "health_check"}
{"ts": 1778322988.411715, "event": "ran", "task": "review_push"}
{"ts": 1778322988.415952, "event": "ran", "task": "health_check"}
{"ts": 1778323288.907506, "event": "ran", "task": "health_check"}
{"ts": 1778323589.646924, "event": "ran", "task": "review_push"}
{"ts": 1778323589.6507578, "event": "ran", "task": "health_check"}
{"ts": 1778323890.377677, "event": "ran", "task": "health_check"}
{"ts": 1778324191.064042, "event": "ran", "task": "review_push"}
{"ts": 1778324191.0679832, "event": "ran", "task": "health_check"}
{"ts": 1778324491.8134332, "event": "ran", "task": "health_check"}
{"ts": 1778324792.5636532, "event": "ran", "task": "review_push"}
{"ts": 1778324792.567095, "event": "ran", "task": "health_check"}
{"ts": 1778325093.333782, "event": "ran", "task": "health_check"}
{"ts": 1778325393.532335, "event": "ran", "task": "review_push"}
{"ts": 1778325393.537396, "event": "ran", "task": "health_check"}
{"ts": 1778325693.547863, "event": "ran", "task": "health_check"}
{"ts": 1778325993.5570402, "event": "ran", "task": "review_push"}
{"ts": 1778325993.564236, "event": "ran", "task": "health_check"}
{"ts": 1778326293.580933, "event": "ran", "task": "health_check"}
{"ts": 1778326593.6003141, "event": "ran", "task": "review_push"}
{"ts": 1778326593.613942, "event": "ran", "task": "health_check"}
{"ts": 1778326893.630673, "event": "ran", "task": "health_check"}
{"ts": 1778327193.636009, "event": "ran", "task": "review_push"}
{"ts": 1778327193.644459, "event": "ran", "task": "health_check"}
{"ts": 1778327493.663473, "event": "ran", "task": "health_check"}
{"ts": 1778327793.696619, "event": "ran", "task": "review_push"}
{"ts": 1778327793.705755, "event": "ran", "task": "health_check"}
{"ts": 1778328041.889046, "event": "daily_digest", "path": "/Users/yuhfriendchris/Desktop/Sovereign/state/outbox/hermes/digest_2026-05-09.md", "pushed": true}
{"ts": 1778328041.890534, "event": "ran", "task": "daily_digest"}
{"ts": 1778328102.043155, "event": "ran", "task": "health_check"}
{"ts": 1778328402.733366, "event": "ran", "task": "review_push"}
{"ts": 1778328402.7433631, "event": "ran", "task": "health_check"}
{"ts": 1778328703.484992, "event": "ran", "task": "health_check"}
{"ts": 1778329004.176192, "event": "ran", "task": "review_push"}
{"ts": 1778329004.187288, "event": "ran", "task": "health_check"}
{"ts": 1778329304.9179242, "event": "ran", "task": "health_check"}
{"ts": 1778329605.620044, "event": "ran", "task": "review_push"}
{"ts": 1778329605.633719, "event": "ran", "task": "health_check"}
{"ts": 1778329906.338909, "event": "ran", "task": "health_check"}
{"ts": 1778330207.071382, "event": "ran", "task": "review_push"}
{"ts": 1778330207.08217, "event": "ran", "task": "health_check"}
{"ts": 1778330507.815104, "event": "ran", "task": "health_check"}
{"ts": 1778330808.506259, "event": "ran", "task": "review_push"}
{"ts": 1778330808.518375, "event": "ran", "task": "health_check"}
{"ts": 1778331109.218674, "event": "ran", "task": "health_check"}
{"ts": 1778331409.941996, "event": "ran", "task": "review_push"}
{"ts": 1778331409.952181, "event": "ran", "task": "health_check"}
{"ts": 1778331795.144057, "event": "ran", "task": "scanner_cycle"}
{"ts": 1778331855.299104, "event": "ran", "task": "health_check"}
{"ts": 1778332035.672575, "event": "ran", "task": "review_push"}
{"ts": 1778332155.959907, "event": "ran", "task": "health_check"}
{"ts": 1778332456.6503198, "event": "ran", "task": "health_check"}
{"ts": 1778332637.0740402, "event": "ran", "task": "review_push"}
{"ts": 1778332757.3429718, "event": "ran", "task": "health_check"}
{"ts": 1778333058.030035, "event": "ran", "task": "health_check"}
{"ts": 1778333238.4472919, "event": "ran", "task": "review_push"}
{"ts": 1778333358.7413561, "event": "ran", "task": "health_check"}
{"ts": 1778333659.446042, "event": "ran", "task": "health_check"}
{"ts": 1778335310.548251, "event": "ran", "task": "review_push"}
{"ts": 1778335310.579513, "event": "ran", "task": "health_check"}
{"ts": 1778336312.126273, "event": "ran", "task": "review_push"}
{"ts": 1778336312.174426, "event": "ran", "task": "health_check"}
{"ts": 1778337456.3613398, "event": "ran", "task": "review_push"}
{"ts": 1778337456.3725288, "event": "ran", "task": "health_check"}
{"ts": 1778338450.56816, "event": "ran", "task": "review_push"}
{"ts": 1778338450.603246, "event": "ran", "task": "health_check"}
{"ts": 1778338953.851111, "event": "ran", "task": "health_check"}
{"ts": 1778339946.932981, "event": "ran", "task": "review_push"}
{"ts": 1778339946.9682188, "event": "ran", "task": "health_check"}
{"ts": 1778340906.8059251, "event": "ran", "task": "review_push"}
{"ts": 1778340906.842456, "event": "ran", "task": "health_check"}
{"ts": 1778342015.82027, "event": "ran", "task": "review_push"}
{"ts": 1778342015.854775, "event": "ran", "task": "health_check"}
{"ts": 1778343548.6589582, "event": "ran", "task": "review_push"}
{"ts": 1778343548.671541, "event": "ran", "task": "health_check"}
{"ts": 1778344558.6623979, "event": "ran", "task": "review_push"}
{"ts": 1778344558.694002, "event": "ran", "task": "health_check"}
{"ts": 1778344859.471908, "event": "ran", "task": "health_check"}
{"ts": 1778345160.21263, "event": "ran", "task": "review_push"}
{"ts": 1778345160.249109, "event": "ran", "task": "health_check"}
{"ts": 1778345460.984689, "event": "ran", "task": "health_check"}
{"ts": 1778345761.6941462, "event": "ran", "task": "review_push"}
{"ts": 1778345761.725482, "event": "ran", "task": "health_check"}
{"ts": 1778347983.617045, "event": "ran", "task": "scanner_cycle"}
{"ts": 1778347983.660804, "event": "ran", "task": "health_check"}
{"ts": 1778348043.805946, "event": "ran", "task": "review_push"}
{"ts": 1778348043.839583, "event": "ran", "task": "health_check"}
{"ts": 1778348344.615828, "event": "ran", "task": "health_check"}
{"ts": 1778349931.520073, "event": "ran", "task": "review_push"}
{"ts": 1778349931.5543869, "event": "ran", "task": "health_check"}
{"ts": 1778350792.945733, "event": "ran", "task": "review_push"}
{"ts": 1778350792.982429, "event": "ran", "task": "health_check"}
{"ts": 1778351093.509386, "event": "ran", "task": "health_check"}
{"ts": 1778351394.055406, "event": "ran", "task": "review_push"}
{"ts": 1778351394.069931, "event": "ran", "task": "health_check"}
{"ts": 1778351694.7693272, "event": "ran", "task": "health_check"}
{"ts": 1778351995.472492, "event": "ran", "task": "review_push"}
{"ts": 1778351995.4867358, "event": "ran", "task": "health_check"}
{"ts": 1778352296.210973, "event": "ran", "task": "health_check"}
{"ts": 1778352596.904557, "event": "ran", "task": "review_push"}
{"ts": 1778352596.919408, "event": "ran", "task": "health_check"}
{"ts": 1778352897.5924668, "event": "ran", "task": "health_check"}
{"ts": 1778353198.172416, "event": "ran", "task": "review_push"}
{"ts": 1778353198.1898508, "event": "ran", "task": "health_check"}
{"ts": 1778353498.9104052, "event": "ran", "task": "health_check"}
{"ts": 1778353799.6503649, "event": "ran", "task": "review_push"}
{"ts": 1778353799.665646, "event": "ran", "task": "health_check"}
{"ts": 1778354100.0462341, "event": "ran", "task": "health_check"}
{"ts": 1778354400.459764, "event": "ran", "task": "review_push"}
{"ts": 1778354400.474439, "event": "ran", "task": "health_check"}
{"ts": 1778354701.1826649, "event": "ran", "task": "health_check"}
{"ts": 1778355001.851434, "event": "ran", "task": "review_push"}
{"ts": 1778355001.8610508, "event": "ran", "task": "health_check"}
{"ts": 1778355302.599285, "event": "ran", "task": "health_check"}
{"ts": 1778355603.2987971, "event": "ran", "task": "review_push"}
{"ts": 1778355603.321526, "event": "ran", "task": "health_check"}
{"ts": 1778355903.8923059, "event": "ran", "task": "health_check"}
{"ts": 1778356204.301713, "event": "ran", "task": "review_push"}
{"ts": 1778356204.3127701, "event": "ran", "task": "health_check"}
{"ts": 1778356504.3292, "event": "ran", "task": "health_check"}
{"ts": 1778356804.338917, "event": "ran", "task": "review_push"}
{"ts": 1778356804.3495958, "event": "ran", "task": "health_check"}
{"ts": 1778357104.364635, "event": "ran", "task": "health_check"}
{"ts": 1778357404.36819, "event": "ran", "task": "review_push"}
{"ts": 1778357404.383692, "event": "ran", "task": "health_check"}
{"ts": 1778357704.401458, "event": "ran", "task": "health_check"}
{"ts": 1778358004.400218, "event": "ran", "task": "review_push"}
{"ts": 1778358004.4132822, "event": "ran", "task": "health_check"}
{"ts": 1778358304.428131, "event": "ran", "task": "health_check"}
{"ts": 1778358604.4302132, "event": "ran", "task": "review_push"}
{"ts": 1778358604.441025, "event": "ran", "task": "health_check"}
{"ts": 1778358904.458573, "event": "ran", "task": "health_check"}
{"ts": 1778359204.470167, "event": "ran", "task": "review_push"}
{"ts": 1778359204.4951732, "event": "ran", "task": "health_check"}
{"ts": 1778359504.5096571, "event": "ran", "task": "health_check"}
{"ts": 1778359804.5112529, "event": "ran", "task": "review_push"}
{"ts": 1778359804.524441, "event": "ran", "task": "health_check"}
{"ts": 1778360104.556858, "event": "ran", "task": "health_check"}
{"ts": 1778360404.559835, "event": "ran", "task": "review_push"}
{"ts": 1778360404.586967, "event": "ran", "task": "health_check"}
{"ts": 1778360704.661203, "event": "ran", "task": "health_check"}
{"ts": 1778361004.6675231, "event": "ran", "task": "review_push"}
{"ts": 1778361004.692218, "event": "ran", "task": "health_check"}
{"ts": 1778361304.722178, "event": "ran", "task": "health_check"}
{"ts": 1778361605.025053, "event": "ran", "task": "review_push"}
{"ts": 1778361605.0474792, "event": "ran", "task": "health_check"}
{"ts": 1778361905.536919, "event": "ran", "task": "health_check"}
{"ts": 1778362206.121953, "event": "ran", "task": "review_push"}
{"ts": 1778362206.136616, "event": "ran", "task": "health_check"}
{"ts": 1778362506.866128, "event": "ran", "task": "health_check"}
{"ts": 1778362807.59289, "event": "ran", "task": "review_push"}
{"ts": 1778362807.620548, "event": "ran", "task": "health_check"}
{"ts": 1778363108.33944, "event": "ran", "task": "health_check"}
{"ts": 1778363409.0512052, "event": "ran", "task": "review_push"}
{"ts": 1778363409.0754602, "event": "ran", "task": "health_check"}
{"ts": 1778363709.818486, "event": "ran", "task": "health_check"}
{"ts": 1778364010.561271, "event": "ran", "task": "review_push"}
{"ts": 1778364010.580312, "event": "ran", "task": "health_check"}
{"ts": 1778364311.330529, "event": "ran", "task": "health_check"}
{"ts": 1778364611.957366, "event": "ran", "task": "review_push"}
{"ts": 1778364611.970041, "event": "ran", "task": "health_check"}
{"ts": 1778364912.7108228, "event": "ran", "task": "health_check"}
{"ts": 1778365213.484332, "event": "ran", "task": "review_push"}
{"ts": 1778365213.5010922, "event": "ran", "task": "health_check"}
{"ts": 1778365514.263249, "event": "ran", "task": "health_check"}
{"ts": 1778365814.977877, "event": "ran", "task": "review_push"}
{"ts": 1778365814.988412, "event": "ran", "task": "health_check"}
{"ts": 1778366115.748686, "event": "ran", "task": "health_check"}
{"ts": 1778366416.425245, "event": "ran", "task": "review_push"}
{"ts": 1778366416.4467359, "event": "ran", "task": "health_check"}
{"ts": 1778366717.20544, "event": "ran", "task": "health_check"}
{"ts": 1778367017.910698, "event": "ran", "task": "review_push"}
{"ts": 1778367017.925879, "event": "ran", "task": "health_check"}
{"ts": 1778367318.660518, "event": "ran", "task": "health_check"}
{"ts": 1778367619.3288162, "event": "ran", "task": "review_push"}
{"ts": 1778367619.342807, "event": "ran", "task": "health_check"}
{"ts": 1778367920.069559, "event": "ran", "task": "health_check"}
{"ts": 1778368220.802943, "event": "ran", "task": "review_push"}
{"ts": 1778368220.819075, "event": "ran", "task": "health_check"}
{"ts": 1778368521.354771, "event": "ran", "task": "health_check"}
{"ts": 1778368821.799389, "event": "ran", "task": "review_push"}
{"ts": 1778368821.820674, "event": "ran", "task": "health_check"}
{"ts": 1778369122.0913, "event": "ran", "task": "health_check"}
{"ts": 1778369422.608743, "event": "ran", "task": "review_push"}
{"ts": 1778369422.626112, "event": "ran", "task": "health_check"}
{"ts": 1778369723.2453592, "event": "ran", "task": "health_check"}
{"ts": 1778370023.548579, "event": "ran", "task": "review_push"}
{"ts": 1778370023.559885, "event": "ran", "task": "health_check"}
{"ts": 1778370323.937512, "event": "ran", "task": "health_check"}
{"ts": 1778370624.524417, "event": "ran", "task": "review_push"}
{"ts": 1778370624.536597, "event": "ran", "task": "health_check"}
{"ts": 1778370925.290714, "event": "ran", "task": "health_check"}
{"ts": 1778371225.872597, "event": "ran", "task": "review_push"}
{"ts": 1778371225.886036, "event": "ran", "task": "health_check"}
{"ts": 1778371526.330884, "event": "ran", "task": "health_check"}
{"ts": 1778371826.633984, "event": "ran", "task": "review_push"}
{"ts": 1778371826.648489, "event": "ran", "task": "health_check"}
{"ts": 1778372126.969345, "event": "ran", "task": "health_check"}
{"ts": 1778372426.97793, "event": "ran", "task": "review_push"}
{"ts": 1778372427.015729, "event": "ran", "task": "health_check"}
{"ts": 1778372727.023743, "event": "ran", "task": "health_check"}
{"ts": 1778373027.0290198, "event": "ran", "task": "review_push"}
{"ts": 1778373027.043714, "event": "ran", "task": "health_check"}
{"ts": 1778373327.1300852, "event": "ran", "task": "health_check"}
{"ts": 1778373627.487909, "event": "ran", "task": "review_push"}
{"ts": 1778373627.501481, "event": "ran", "task": "health_check"}
{"ts": 1778373927.755898, "event": "ran", "task": "health_check"}
{"ts": 1778374228.14192, "event": "ran", "task": "review_push"}
{"ts": 1778374228.1597922, "event": "ran", "task": "health_check"}
{"ts": 1778374528.6243489, "event": "ran", "task": "health_check"}
{"ts": 1778374983.137132, "event": "ran", "task": "scanner_cycle"}
{"ts": 1778374983.138623, "event": "ran", "task": "review_push"}
{"ts": 1778374983.160328, "event": "ran", "task": "health_check"}
{"ts": 1778375163.476511, "event": "ran", "task": "health_check"}
{"ts": 1778375463.846567, "event": "ran", "task": "review_push"}
{"ts": 1778375463.869177, "event": "ran", "task": "health_check"}
{"ts": 1778375764.6220102, "event": "ran", "task": "health_check"}
{"ts": 1778376065.1356921, "event": "ran", "task": "review_push"}
{"ts": 1778376065.152583, "event": "ran", "task": "health_check"}
{"ts": 1778376365.306231, "event": "ran", "task": "health_check"}
{"ts": 1778376665.430482, "event": "ran", "task": "review_push"}
{"ts": 1778376665.4469178, "event": "ran", "task": "health_check"}
{"ts": 1778376965.467438, "event": "ran", "task": "health_check"}
{"ts": 1778377265.474685, "event": "ran", "task": "review_push"}
{"ts": 1778377265.490664, "event": "ran", "task": "health_check"}
{"ts": 1778377565.509333, "event": "ran", "task": "health_check"}
{"ts": 1778377865.513668, "event": "ran", "task": "review_push"}
{"ts": 1778377865.530211, "event": "ran", "task": "health_check"}
{"ts": 1778378165.5682602, "event": "ran", "task": "health_check"}
{"ts": 1778378465.609952, "event": "ran", "task": "review_push"}
{"ts": 1778378465.623142, "event": "ran", "task": "health_check"}
{"ts": 1778378765.645073, "event": "ran", "task": "health_check"}
{"ts": 1778379065.6515589, "event": "ran", "task": "review_push"}
{"ts": 1778379065.685729, "event": "ran", "task": "health_check"}
{"ts": 1778379365.7081752, "event": "ran", "task": "health_check"}
{"ts": 1778379665.731128, "event": "ran", "task": "review_push"}
{"ts": 1778379665.747324, "event": "ran", "task": "health_check"}
{"ts": 1778379965.7706282, "event": "ran", "task": "health_check"}
{"ts": 1778380265.7774122, "event": "ran", "task": "review_push"}
{"ts": 1778380265.7901282, "event": "ran", "task": "health_check"}
{"ts": 1778380565.812513, "event": "ran", "task": "health_check"}
{"ts": 1778380866.357494, "event": "ran", "task": "review_push"}
{"ts": 1778380866.3702002, "event": "ran", "task": "health_check"}
{"ts": 1778381167.094806, "event": "ran", "task": "health_check"}
{"ts": 1778381467.8170292, "event": "ran", "task": "review_push"}
{"ts": 1778381467.8335109, "event": "ran", "task": "health_check"}
{"ts": 1778381768.576226, "event": "ran", "task": "health_check"}
{"ts": 1778382069.300819, "event": "ran", "task": "review_push"}
{"ts": 1778382069.317734, "event": "ran", "task": "health_check"}
{"ts": 1778382370.024823, "event": "ran", "task": "health_check"}
{"ts": 1778382670.729928, "event": "ran", "task": "review_push"}
{"ts": 1778382670.746549, "event": "ran", "task": "health_check"}
{"ts": 1778382971.492754, "event": "ran", "task": "health_check"}
{"ts": 1778383272.1545322, "event": "ran", "task": "review_push"}
{"ts": 1778383272.170871, "event": "ran", "task": "health_check"}
{"ts": 1778383572.9453208, "event": "ran", "task": "health_check"}
{"ts": 1778383873.59156, "event": "ran", "task": "review_push"}
{"ts": 1778383873.607883, "event": "ran", "task": "health_check"}
{"ts": 1778384174.354517, "event": "ran", "task": "health_check"}
{"ts": 1778384475.075923, "event": "ran", "task": "review_push"}
{"ts": 1778384475.090909, "event": "ran", "task": "health_check"}
{"ts": 1778384775.726882, "event": "ran", "task": "health_check"}
{"ts": 1778385076.359807, "event": "ran", "task": "review_push"}
{"ts": 1778385076.376427, "event": "ran", "task": "health_check"}
{"ts": 1778385376.913301, "event": "ran", "task": "health_check"}
{"ts": 1778385677.596181, "event": "ran", "task": "review_push"}
{"ts": 1778385677.61273, "event": "ran", "task": "health_check"}
{"ts": 1778385978.3381891, "event": "ran", "task": "health_check"}
{"ts": 1778386278.7972212, "event": "ran", "task": "review_push"}
{"ts": 1778386278.813049, "event": "ran", "task": "health_check"}
{"ts": 1778386579.194358, "event": "ran", "task": "health_check"}
{"ts": 1778386879.5484312, "event": "ran", "task": "review_push"}
{"ts": 1778386879.5648792, "event": "ran", "task": "health_check"}
{"ts": 1778387179.958557, "event": "ran", "task": "health_check"}
{"ts": 1778387480.376009, "event": "ran", "task": "review_push"}
{"ts": 1778387480.39292, "event": "ran", "task": "health_check"}
{"ts": 1778387781.080235, "event": "ran", "task": "health_check"}
{"ts": 1778388081.794695, "event": "ran", "task": "review_push"}
{"ts": 1778388081.807544, "event": "ran", "task": "health_check"}
{"ts": 1778388382.5258088, "event": "ran", "task": "health_check"}
{"ts": 1778388683.221615, "event": "ran", "task": "review_push"}
{"ts": 1778388683.2380102, "event": "ran", "task": "health_check"}
{"ts": 1778388983.981229, "event": "ran", "task": "health_check"}
{"ts": 1778389409.060556, "event": "ran", "task": "scanner_cycle"}
{"ts": 1778389439.7959218, "event": "review_push", "pushed": 3, "eligible": 32}
{"ts": 1778389439.796704, "event": "ran", "task": "review_push"}
{"ts": 1778389439.812501, "event": "ran", "task": "health_check"}
{"ts": 1778389620.224959, "event": "ran", "task": "health_check"}
{"ts": 1778389920.919018, "event": "ran", "task": "review_push"}
{"ts": 1778389920.9359329, "event": "ran", "task": "health_check"}
{"ts": 1778390221.683249, "event": "ran", "task": "health_check"}
{"ts": 1778390522.407228, "event": "ran", "task": "review_push"}
{"ts": 1778390522.424014, "event": "ran", "task": "health_check"}
{"ts": 1778390823.151999, "event": "ran", "task": "health_check"}
{"ts": 1778391123.7306938, "event": "ran", "task": "review_push"}
{"ts": 1778391123.74776, "event": "ran", "task": "health_check"}
{"ts": 1778391424.140054, "event": "ran", "task": "health_check"}
{"ts": 1778391724.783818, "event": "ran", "task": "review_push"}
{"ts": 1778391724.7962828, "event": "ran", "task": "health_check"}
{"ts": 1778392025.541124, "event": "ran", "task": "health_check"}
{"ts": 1778392326.115649, "event": "ran", "task": "review_push"}
{"ts": 1778392326.130453, "event": "ran", "task": "health_check"}
{"ts": 1778392626.7319412, "event": "ran", "task": "health_check"}
{"ts": 1778392927.176395, "event": "ran", "task": "review_push"}
{"ts": 1778392927.189704, "event": "ran", "task": "health_check"}
{"ts": 1778393227.9406872, "event": "ran", "task": "health_check"}
{"ts": 1778393528.68211, "event": "ran", "task": "review_push"}
{"ts": 1778393528.694728, "event": "ran", "task": "health_check"}
{"ts": 1778393829.435266, "event": "ran", "task": "health_check"}
{"ts": 1778394129.893881, "event": "ran", "task": "review_push"}
{"ts": 1778394129.906456, "event": "ran", "task": "health_check"}
{"ts": 1778394430.655782, "event": "ran", "task": "health_check"}
{"ts": 1778394731.365715, "event": "ran", "task": "review_push"}
{"ts": 1778394731.382455, "event": "ran", "task": "health_check"}
{"ts": 1778395032.134166, "event": "ran", "task": "health_check"}
{"ts": 1778395332.838978, "event": "ran", "task": "review_push"}
{"ts": 1778395332.853097, "event": "ran", "task": "health_check"}
{"ts": 1778395633.466317, "event": "ran", "task": "health_check"}
{"ts": 1778395934.034177, "event": "ran", "task": "review_push"}
{"ts": 1778395934.050227, "event": "ran", "task": "health_check"}
{"ts": 1778396234.785687, "event": "ran", "task": "health_check"}
{"ts": 1778396535.476305, "event": "ran", "task": "review_push"}
{"ts": 1778396535.493315, "event": "ran", "task": "health_check"}
{"ts": 1778396836.217682, "event": "ran", "task": "health_check"}
{"ts": 1778397136.950421, "event": "ran", "task": "review_push"}
{"ts": 1778397136.966, "event": "ran", "task": "health_check"}
{"ts": 1778397437.707111, "event": "ran", "task": "health_check"}
{"ts": 1778397738.415722, "event": "ran", "task": "review_push"}
{"ts": 1778397738.439636, "event": "ran", "task": "health_check"}
{"ts": 1778398039.214937, "event": "ran", "task": "health_check"}
{"ts": 1778398339.8485749, "event": "ran", "task": "review_push"}
{"ts": 1778398339.865904, "event": "ran", "task": "health_check"}
{"ts": 1778398640.186823, "event": "ran", "task": "health_check"}
{"ts": 1778398940.735701, "event": "ran", "task": "review_push"}
{"ts": 1778398940.755667, "event": "ran", "task": "health_check"}
{"ts": 1778399241.4814851, "event": "ran", "task": "health_check"}
{"ts": 1778399542.047143, "event": "ran", "task": "review_push"}
{"ts": 1778399542.067425, "event": "ran", "task": "health_check"}
{"ts": 1778399842.651618, "event": "ran", "task": "health_check"}
{"ts": 1778400143.3571782, "event": "ran", "task": "review_push"}
{"ts": 1778400143.374657, "event": "ran", "task": "health_check"}
{"ts": 1778400444.1208682, "event": "ran", "task": "health_check"}
{"ts": 1778400744.847258, "event": "ran", "task": "review_push"}
{"ts": 1778400744.863861, "event": "ran", "task": "health_check"}
{"ts": 1778401045.4167218, "event": "ran", "task": "health_check"}
{"ts": 1778401346.154835, "event": "ran", "task": "review_push"}
{"ts": 1778401346.172549, "event": "ran", "task": "health_check"}
{"ts": 1778401646.931129, "event": "ran", "task": "health_check"}
{"ts": 1778401947.506621, "event": "ran", "task": "review_push"}
{"ts": 1778401947.5250602, "event": "ran", "task": "health_check"}
{"ts": 1778405952.658085, "event": "ran", "task": "scanner_cycle"}
{"ts": 1778405952.660846, "event": "ran", "task": "review_push"}
{"ts": 1778405952.7281868, "event": "ran", "task": "health_check"}
{"ts": 1778406399.851993, "event": "ran", "task": "review_push"}
{"ts": 1778406399.8995378, "event": "ran", "task": "health_check"}
{"ts": 1778408389.4841962, "event": "ran", "task": "review_push"}
{"ts": 1778408389.5139468, "event": "ran", "task": "health_check"}
{"ts": 1778409591.419722, "event": "ran", "task": "review_push"}
{"ts": 1778409591.505158, "event": "ran", "task": "health_check"}
{"ts": 1778410041.814295, "event": "ran", "task": "health_check"}
{"ts": 1778410346.8311071, "event": "ran", "task": "review_push"}
{"ts": 1778410346.8532548, "event": "ran", "task": "health_check"}
{"ts": 1778410647.22976, "event": "ran", "task": "health_check"}
{"ts": 1778410947.861495, "event": "ran", "task": "review_push"}
{"ts": 1778410947.8794491, "event": "ran", "task": "health_check"}
{"ts": 1778411248.321594, "event": "ran", "task": "health_check"}
{"ts": 1778411548.5342689, "event": "ran", "task": "review_push"}
{"ts": 1778411548.548138, "event": "ran", "task": "health_check"}
{"ts": 1778411848.973206, "event": "ran", "task": "health_check"}
{"ts": 1778412149.6509922, "event": "ran", "task": "review_push"}
{"ts": 1778412149.665716, "event": "ran", "task": "health_check"}
